[{"status":"unchanged","key":"chars1","valueOld":["a","b","c"],"valueNew":["a","b","c"]},{"status":"changed","key":"chars2","valueOld":["d","e","f"],"valueNew":false},{"status":"changed","key":"checked","valueOld":false,"valueNew":true},{"status":"changed","key":"default","valueOld":null,"valueNew":["value1","value2"]},{"status":"changed","key":"id","valueOld":45,"valueNew":null},{"status":"deleted","key":"key1","valueOld":"value1","valueNew":null},{"status":"added","key":"key2","valueOld":null,"valueNew":"value2"},{"status":"unchanged","key":"numbers1","valueOld":[1,2,3,4],"valueNew":[1,2,3,4]},{"status":"changed","key":"numbers2","valueOld":[2,3,4,5],"valueNew":[22,33,44,55]},{"status":"deleted","key":"numbers3","valueOld":[3,4,5],"valueNew":null},{"status":"added","key":"numbers4","valueOld":null,"valueNew":[4,5,6]},{"status":"added","key":"obj1","valueOld":null,"valueNew":{"nestedKey":"value","isNested":true}},{"status":"changed","key":"setting1","valueOld":"Some value","valueNew":"Another value"},{"status":"changed","key":"setting2","valueOld":200,"valueNew":300},{"status":"changed","key":"setting3","valueOld":true,"valueNew":"none"}]